patched eng/data/core_arena.arc: 6019 strings
patched eng/data/core_common.arc: 19227 strings
patched eng/data/core_dlc.arc: 385 strings
patched eng/data/core_end2.arc: 191 strings
patched eng/data/core_event.arc: 1046 strings
patched eng/data/core_lobby.arc: 6019 strings
patched eng/data/core_quest.arc: 1046 strings
patched eng/data/core_result.arc: 6461 strings
patched eng/data/core_title.arc: 214 strings
patched eng/data/npc001.arc: 935 strings
patched eng/data/npc002.arc: 830 strings
patched eng/data/npc003.arc: 310 strings
patched eng/data/npc004.arc: 45 strings
patched eng/data/npc005.arc: 267 strings
patched eng/data/npc006.arc: 387 strings
patched eng/data/npc007.arc: 216 strings
patched eng/data/npc008.arc: 8 strings
patched eng/data/npc009.arc: 47 strings
patched eng/data/npc010.arc: 80 strings
patched eng/data/npc011.arc: 66 strings
patched eng/data/npc012.arc: 73 strings
patched eng/data/npc014.arc: 136 strings
patched eng/data/npc015.arc: 45 strings
patched eng/data/npc016.arc: 41 strings
patched eng/data/npc017.arc: 44 strings
patched eng/data/npc020.arc: 253 strings
patched eng/data/npc021.arc: 93 strings
patched eng/data/npc022.arc: 57 strings
patched eng/data/npc023.arc: 84 strings
patched eng/data/npc024.arc: 84 strings
patched eng/data/npc025.arc: 83 strings
patched eng/data/npc026.arc: 50 strings
patched eng/data/npc030.arc: 98 strings
patched eng/data/npc031.arc: 48 strings
patched eng/data/npc032.arc: 51 strings
patched eng/data/npc033.arc: 228 strings
patched eng/data/npc034.arc: 64 strings
patched eng/data/npc035.arc: 41 strings
patched eng/data/npc036.arc: 154 strings
patched eng/data/npc040.arc: 99 strings
patched eng/data/npc041.arc: 58 strings
patched eng/data/npc042.arc: 62 strings
patched eng/data/npc043.arc: 73 strings
patched eng/data/npc044.arc: 93 strings
patched eng/data/npc045.arc: 177 strings
patched eng/data/npc046.arc: 65 strings
patched eng/data/npc047.arc: 33 strings
patched eng/data/npc050.arc: 272 strings
patched eng/data/npc051.arc: 59 strings
patched eng/data/npc052.arc: 143 strings
patched eng/data/npc053.arc: 205 strings
patched eng/data/npc054.arc: 87 strings
patched eng/data/npc055.arc: 48 strings
patched eng/data/npc056.arc: 40 strings
patched eng/data/npc060.arc: 162 strings
patched eng/data/npc061.arc: 69 strings
patched eng/data/npc062.arc: 64 strings
patched eng/data/npc063.arc: 58 strings
patched eng/data/npc064.arc: 28 strings
patched eng/data/npc065.arc: 10 strings
patched eng/data/npc066.arc: 42 strings
patched eng/data/npc070.arc: 352 strings
patched eng/data/npc071.arc: 634 strings
patched eng/data/npc072.arc: 210 strings
patched eng/data/npc073.arc: 165 strings
patched eng/data/npc074.arc: 281 strings
patched eng/data/npc075.arc: 140 strings
patched eng/data/npc080.arc: 361 strings
patched eng/data/npc081.arc: 278 strings
patched eng/data/npc082.arc: 247 strings
patched eng/data/npc083.arc: 261 strings
patched eng/data/npc090.arc: 66 strings
patched eng/data/npc091.arc: 107 strings
patched eng/data/npc092.arc: 369 strings
patched eng/data/npc093.arc: 100 strings
patched eng/data/npc094.arc: 130 strings
patched eng/data/npc095.arc: 48 strings
patched eng/data/npc096.arc: 413 strings
patched eng/data/npc097.arc: 220 strings
patched eng/data/npc098.arc: 46 strings
patched eng/data/npc099.arc: 174 strings
patched eng/data/npc100.arc: 71 strings
patched eng/data/npc101.arc: 45 strings
patched eng/data/npc102.arc: 103 strings
patched eng/data/npc103.arc: 83 strings
patched eng/data/npc104.arc: 104 strings
patched eng/data/npc105.arc: 105 strings
patched eng/data/npc106.arc: 152 strings
patched eng/data/npc107.arc: 14 strings
patched eng/data/npc108.arc: 45 strings
patched eng/data/npc109.arc: 54 strings
patched eng/data/npc110.arc: 67 strings
patched eng/data/npc111.arc: 25 strings
patched eng/data/npc112.arc: 66 strings
patched eng/data/npc113.arc: 99 strings
patched eng/data/npc114.arc: 150 strings
patched eng/data/npc115.arc: 92 strings
patched eng/data/npc116.arc: 54 strings
patched eng/data/npc117.arc: 39 strings
patched eng/data/npc118.arc: 31 strings
patched eng/data/npc119.arc: 24 strings
patched eng/data/npc120.arc: 53 strings
patched eng/data/npc121.arc: 35 strings
patched eng/data/npc122.arc: 28 strings
patched eng/data/npc123.arc: 91 strings
patched eng/data/npc124.arc: 92 strings
patched eng/data/npc125.arc: 30 strings
patched eng/data/npc126.arc: 65 strings
patched eng/data/npc127.arc: 44 strings
patched eng/data/npc128.arc: 54 strings
patched eng/data/npc129.arc: 47 strings
patched eng/data/npc131.arc: 45 strings
patched eng/data/npc133.arc: 31 strings
patched eng/data/npc134.arc: 28 strings
patched eng/data/npc135.arc: 28 strings
patched eng/data/npc136.arc: 30 strings
patched eng/data/npc137.arc: 27 strings
patched eng/data/qmsg00011.arc: 61 strings
patched eng/data/qmsg00012.arc: 44 strings
patched eng/data/qmsg00013.arc: 47 strings
patched eng/data/qmsg00014.arc: 57 strings
patched eng/data/qmsg00015.arc: 48 strings
patched eng/data/qmsg00016.arc: 47 strings
patched eng/data/qmsg00017.arc: 48 strings
patched eng/data/qmsg00018.arc: 48 strings
patched eng/data/qmsg00019.arc: 53 strings
patched eng/data/qmsg00020.arc: 47 strings
patched eng/data/qmsg00021.arc: 68 strings
patched eng/data/qmsg00022.arc: 70 strings
patched eng/data/qmsg00023.arc: 48 strings
patched eng/data/qmsg00024.arc: 55 strings
patched eng/data/qmsg00100.arc: 143 strings
patched eng/data/qmsg00101.arc: 123 strings
patched eng/data/qmsg00102.arc: 114 strings
patched eng/data/qmsg00202.arc: 16 strings
patched eng/data/qmsg00208.arc: 20 strings
patched eng/data/qmsg00301.arc: 9 strings
patched eng/data/qmsg00302.arc: 13 strings
patched eng/data/qmsg00309.arc: 33 strings
patched eng/data/qmsg00351.arc: 23 strings
patched eng/data/qmsg00402.arc: 22 strings
patched eng/data/qmsg00406.arc: 10 strings
patched eng/data/qmsg00501.arc: 9 strings
patched eng/data/qmsg00506.arc: 5 strings
patched eng/data/qmsg00517.arc: 13 strings
patched eng/data/qmsg00601.arc: 12 strings
patched eng/data/qmsg00607.arc: 3 strings
patched eng/data/qmsg00619.arc: 6 strings
patched eng/data/qmsg00626.arc: 12 strings
patched eng/data/qmsg00627.arc: 12 strings
patched eng/data/qmsg00716.arc: 23 strings
patched eng/data/qmsg00801.arc: 13 strings
patched eng/data/qmsg00819.arc: 13 strings
patched eng/data/qmsg00821.arc: 20 strings
patched eng/data/qmsg00901.arc: 11 strings
patched eng/data/qmsg00904.arc: 11 strings
patched eng/data/qmsg00907.arc: 10 strings
patched eng/data/qmsg00911.arc: 11 strings
patched eng/data/qmsg01001.arc: 66 strings
patched eng/data/qmsg01002.arc: 153 strings
patched eng/data/qmsg01004.arc: 13 strings
patched eng/data/qmsg01006.arc: 12 strings
patched eng/data/qmsg01011.arc: 11 strings
patched eng/data/qmsg01012.arc: 12 strings
patched eng/data/qmsg01013.arc: 17 strings
patched eng/data/qmsg01014.arc: 16 strings
patched eng/data/qmsg01015.arc: 17 strings
patched eng/data/qmsg01022.arc: 16 strings
patched eng/data/qmsg01030.arc: 11 strings
patched eng/data/qmsg45011.arc: 46 strings
patched eng/data/qmsg45012.arc: 44 strings
patched eng/data/qmsg45013.arc: 40 strings
patched eng/data/qmsg62101.arc: 22 strings
patched eng/data/qmsg62102.arc: 21 strings
patched eng/data/qmsg62103.arc: 22 strings
patched eng/data/qmsg62104.arc: 17 strings
patched eng/data/qmsg62105.arc: 24 strings
patched eng/data/qmsg62106.arc: 25 strings
patched eng/data/qmsg62201.arc: 20 strings
patched eng/data/qmsg62202.arc: 29 strings
patched eng/data/qmsg62203.arc: 23 strings
patched eng/data/qmsg62204.arc: 26 strings
patched eng/data/qmsg62205.arc: 28 strings
patched eng/data/qmsg62206.arc: 17 strings
patched eng/data/qmsg62207.arc: 24 strings
patched eng/data/qmsg62208.arc: 21 strings
patched eng/data/qmsg62209.arc: 21 strings
patched eng/data/qmsg62210.arc: 23 strings
patched eng/data/qmsg62211.arc: 26 strings
patched eng/data/qmsg62212.arc: 10 strings
CSV injection complete: 190 ARC, 365 LMD, 56550 translated strings from 45444 messages
Changed ARC files written under: /mnt/data/v7work/patched
